Flutter crash report.
Please report a bug at https://github.com/flutter/flutter/issues.

## command

flutter analyze --no-pub

## exception

_Exception: Exception: analysis server exited with code -9 and output:
[stdout] {"event":"server.connected","params":{"version":"1.38.0","pid":5447}}
[stdout] {"id":"1"}
[stdout] {"event":"analysis.errors","params":{"file":"/home/workdir/artifacts/apk_source/analysis_options.yaml","errors":[]}}
[stdout] {"event":"analysis.errors","params":{"file":"/home/workdir/artifacts/apk_source/android/app/src/debug/AndroidManifest.xml","errors":[]}}
[stdout] {"event":"analysis.errors","params":{"file":"/home/workdir/artifacts/apk_source/android/app/src/main/AndroidManifest.xml","errors":[]}}
[stdout] {"event":"analysis.errors","params":{"file":"/home/workdir/artifacts/apk_source/android/app/src/profile/AndroidManifest.xml","errors":[]}}
[stdout] {"event":"analysis.errors","params":{"file":"/home/workdir/artifacts/apk_source/pubspec.yaml","errors":[]}}
[stdout] {"event":"server.status","params":{"analysis":{"isAnalyzing":true}}}

```
```

## flutter doctor

```
[✓] Flutter (Channel stable, 3.24.5, on Ubuntu 24.04.4 LTS 6.12.8+, locale en_US)
    • Flutter version 3.24.5 on channel stable at /tmp/flutter
    • Upstream repository https://github.com/flutter/flutter.git
    • Framework revision dec2ee5c1f (1 year, 10 months ago), 2024-11-13 11:13:06 -0800
    • Engine revision a18df97ca5
    • Dart version 3.5.4
    • DevTools version 2.37.3

[✗] Android toolchain - develop for Android devices
    ✗ Unable to locate Android SDK.
      Install Android Studio from: https://developer.android.com/studio/index.html
      On first launch it will assist you in installing the Android SDK components.
      (or visit https://flutter.dev/to/linux-android-setup for detailed instructions).
      If the Android SDK has been installed to a custom location, please use
      `flutter config --android-sdk` to update to that location.


[✓] Chrome - develop for the web
    • Chrome at google-chrome

[✗] Linux toolchain - develop for Linux desktop
    • Ubuntu clang version 18.1.3 (1ubuntu1)
    • cmake version 3.28.3
    ✗ ninja is required for Linux development.
      It is likely available from your distribution (e.g.: apt install ninja-build), or can be downloaded from https://github.com/ninja-build/ninja/releases
    • pkg-config version 1.8.1
    ✗ GTK 3.0 development libraries are required for Linux development.
      They are likely available from your distribution (e.g.: apt install libgtk-3-dev)

[!] Android Studio (not installed)
    • Android Studio not found; download from https://developer.android.com/studio/index.html
      (or visit https://flutter.dev/to/linux-android-setup for detailed instructions).

[✓] Connected device (2 available)
    • Linux (desktop) • linux  • linux-x64      • Ubuntu 24.04.4 LTS 6.12.8+
    • Chrome (web)    • chrome • web-javascript • Google Chrome 148.0.7778.167

[✓] Network resources
    • All expected network resources are available.

! Doctor found issues in 3 categories.
```
